// Jest Snapshot v1, https://goo.gl/fbAQLP

exports[`<MonCompteScreen /> renders correctly across screens 1`] = `"<MonCompteScreen />"`;
