// Jest Snapshot v1, https://goo.gl/fbAQLP

exports[`<TabContactScreen /> renders correctly across screens 1`] = `"<TabContactScreen />"`;
