// Jest Snapshot v1, https://goo.gl/fbAQLP

exports[`<TabFaqScreen /> renders correctly across screens 1`] = `"<Faq />"`;
